Default: Pau Gasol
UpperCase: PAU GASOL
LowerCase: pau gasol
CamelCase: PauGasol
LowerCamelCase: pauGasol

Year: 1980
MonthYear: July 1980
ShortDate: 06/07/1980
FullDate: 06 July 1980
DayOfWeek: Sunday
Time: 00:00
