<module name="X">
    <module name="1">
        <module name="1.1"/>
        <module name="1.2">
            <module name="1.2.1"/>
            <module name="1.2.2"/>
            <module name="1.2.3"/>
        </module>
        <module name="1.3"/>
        <module name="1.4"/>
    </module>
    <module name="2">
        <module name="2.1"/>
        <module name="2.2"/>
        <module name="2.3"/>
        <module name="2.4"/>
        <module name="2.5"/>
        <module name="2.6"/>
    </module>
    <module name="3">
        <module name="3.1"/>
        <module name="3.2"/>
        <module name="3.3"/>
    </module>
    <module name="4">
        <module name="4.1"/>
        <module name="4.2"/>
    </module>
    <module name="5"/>
</module>