Pau Gasol has three pets:
  Ruffo, a five years old dog
  Missy, a one year old kitty
  A three years old dog