Name: PAU GASOL

Height: 213 (two hundred and thirteen) cm
Salary: $19,285,850