package org.sample;

public interface Form {

    public interface Handler extends org.sample.Handler {
    }

    public interface Field {

        public interface Handler extends org.sample.Form.Handler {
        }
    }

    public interface TextField extends Field {

        public interface Handler extends org.sample.Form.Handler {
        }
    }
}

public interface Handler {
}
