From: frodo@hobbiton.me
To: gandalf@elrond.me, bilbo@hobbiton.me
The ring

I wish the Ring had never come to me.
I wish none of this had happened.
