Las Palmas de Gran de Canaria, el 27/09/2014

Tere Galvez, con DNI 4050321, con domicilio en la calle Triana 20, Las Palmas

declara adoptar a

El perro con chip X204512, de la especie Caniche, de 2 a√±os




Firmado
Tere Galvez, con DNI 4050321, con domicilio en la calle Triana 20, Las Palmas